streamlit run app.py

instead. Behavior may be different and this alias will be removed in future versions.
[transformers] Accessing `__path__` from `.models.perceiver.image_processing_perceiver`. Returning `__path__` instead. Behavior may be different and this alias will be removed in future versions.
2026-05-24 16:16:53.133 Examining the path of transformers.models.perceiver.image_processing_perceiver_fast raised:
Traceback (most recent call last):
  File "/home/abrar/AI Savvyness/venv/lib/python3.14/site-packages/streamlit/watcher/local_sources_watcher.py", line 298, in get_module_paths
    potential_paths = extract_paths(module)
  File "/home/abrar/AI Savvyness/venv/lib/python3.14/site-packages/streamlit/watcher/local_sources_watcher.py", line 285, in <lambda>
    if hasattr(m, "__path__")
       ~~~~~~~^^^^^^^^^^^^^^^
  File "/home/abrar/AI Savvyness/venv/lib/python3.14/site-packages/transformers/__init__.py", line 843, in _getattr
    return getattr(importlib.import_module(target, __name__), new_name)
                   ~~~~~~~~~~~~~~~~~~~~~~~^^^^^^^^^^^^^^^^^^
  File "/usr/lib/python3.14/importlib/__init__.py", line 88, in import_module
    return _bootstrap._gcd_import(name[level:], package, level)
           ~~~~~~~~~~~~~~~~~~~~~~^^^^^^^^^^^^^^^^^^^^^^^^^^^^^^
  File "<frozen importlib._bootstrap>", line 1406, in _gcd_import
  File "<frozen importlib._bootstrap>", line 1371, in _find_and_load
  File "<frozen importlib._bootstrap>", line 1342, in _find_and_load_unlocked
  File "<frozen importlib._bootstrap>", line 938, in _load_unlocked
  File "<frozen importlib._bootstrap_external>", line 759, in exec_module
  File "<frozen importlib._bootstrap>", line 491, in _call_with_frames_removed
  File "/home/abrar/AI Savvyness/venv/lib/python3.14/site-packages/transformers/models/perceiver/image_processing_perceiver.py", line 17, in <module>
    from torchvision.transforms.v2 import functional as tvF
ModuleNotFoundError: No module named 'torchvision'
[transformers] Accessing `__path__` from `.models.perceiver.image_processing_pil_perceiver`. Returning `__path__` instead. Behavior may be different and this alias will be removed in future versions.
[transformers] Accessing `__path__` from `.models.perception_lm.image_processing_perception_lm`. Returning `__path__` instead. Behavior may be different and this alias will be removed in future versions.
2026-05-24 16:16:53.134 Examining the path of transformers.models.perception_lm.image_processing_perception_lm_fast raised:
Traceback (most recent call last):
  File "/home/abrar/AI Savvyness/venv/lib/python3.14/site-packages/streamlit/watcher/local_sources_watcher.py", line 298, in get_module_paths
    potential_paths = extract_paths(module)
  File "/home/abrar/AI Savvyness/venv/lib/python3.14/site-packages/streamlit/watcher/local_sources_watcher.py", line 285, in <lambda>
    if hasattr(m, "__path__")
       ~~~~~~~^^^^^^^^^^^^^^^
  File "/home/abrar/AI Savvyness/venv/lib/python3.14/site-packages/transformers/__init__.py", line 843, in _getattr
    return getattr(importlib.import_module(target, __name__), new_name)
                   ~~~~~~~~~~~~~~~~~~~~~~~^^^^^^^^^^^^^^^^^^
  File "/usr/lib/python3.14/importlib/__init__.py", line 88, in import_module
    return _bootstrap._gcd_import(name[level:], package, level)
           ~~~~~~~~~~~~~~~~~~~~~~^^^^^^^^^^^^^^^^^^^^^^^^^^^^^^
  File "<frozen importlib._bootstrap>", line 1406, in _gcd_import
  File "<frozen importlib._bootstrap>", line 1371, in _find_and_load
  File "<frozen importlib._bootstrap>", line 1342, in _find_and_load_unlocked
  File "<frozen importlib._bootstrap>", line 938, in _load_unlocked
  File "<frozen importlib._bootstrap_external>", line 759, in exec_module
  File "<frozen importlib._bootstrap>", line 491, in _call_with_frames_removed
  File "/home/abrar/AI Savvyness/venv/lib/python3.14/site-packages/transformers/models/perception_lm/image_processing_perception_lm.py", line 19, in <module>
    from torchvision.transforms.v2 import functional as tvF
ModuleNotFoundError: No module named 'torchvision'
[transformers] Accessing `__path__` from `.models.phi4_multimodal.image_processing_phi4_multimodal`. Returning `__path__` instead. Behavior may be different and this alias will be removed in future versions.
2026-05-24 16:16:53.135 Examining the path of transformers.models.phi4_multimodal.image_processing_phi4_multimodal_fast raised:
Traceback (most recent call last):
  File "/home/abrar/AI Savvyness/venv/lib/python3.14/site-packages/streamlit/watcher/local_sources_watcher.py", line 298, in get_module_paths
    potential_paths = extract_paths(module)
  File "/home/abrar/AI Savvyness/venv/lib/python3.14/site-packages/streamlit/watcher/local_sources_watcher.py", line 285, in <lambda>
    if hasattr(m, "__path__")
       ~~~~~~~^^^^^^^^^^^^^^^
  File "/home/abrar/AI Savvyness/venv/lib/python3.14/site-packages/transformers/__init__.py", line 843, in _getattr
    return getattr(importlib.import_module(target, __name__), new_name)
                   ~~~~~~~~~~~~~~~~~~~~~~~^^^^^^^^^^^^^^^^^^
  File "/usr/lib/python3.14/importlib/__init__.py", line 88, in import_module
    return _bootstrap._gcd_import(name[level:], package, level)
           ~~~~~~~~~~~~~~~~~~~~~~^^^^^^^^^^^^^^^^^^^^^^^^^^^^^^
  File "<frozen importlib._bootstrap>", line 1406, in _gcd_import
  File "<frozen importlib._bootstrap>", line 1371, in _find_and_load
  File "<frozen importlib._bootstrap>", line 1342, in _find_and_load_unlocked
  File "<frozen importlib._bootstrap>", line 938, in _load_unlocked
  File "<frozen importlib._bootstrap_external>", line 759, in exec_module
  File "<frozen importlib._bootstrap>", line 491, in _call_with_frames_removed
  File "/home/abrar/AI Savvyness/venv/lib/python3.14/site-packages/transformers/models/phi4_multimodal/image_processing_phi4_multimodal.py", line 19, in <module>
    from torchvision.transforms.v2 import functional as tvF
ModuleNotFoundError: No module named 'torchvision'
[transformers] Accessing `__path__` from `.models.pi0.image_processing_pi0`. Returning `__path__` instead. Behavior may be different and this alias will be removed in future versions.
[transformers] Accessing `__path__` from `.models.pix2struct.image_processing_pil_pix2struct`. Returning `__path__` instead. Behavior may be different and this alias will be removed in future versions.
[transformers] Accessing `__path__` from `.models.pix2struct.image_processing_pix2struct`. Returning `__path__` instead. Behavior may be different and this alias will be removed in future versions.
2026-05-24 16:16:53.139 Examining the path of transformers.models.pix2struct.image_processing_pix2struct_fast raised:
Traceback (most recent call last):
  File "/home/abrar/AI Savvyness/venv/lib/python3.14/site-packages/streamlit/watcher/local_sources_watcher.py", line 298, in get_module_paths
    potential_paths = extract_paths(module)
  File "/home/abrar/AI Savvyness/venv/lib/python3.14/site-packages/streamlit/watcher/local_sources_watcher.py", line 285, in <lambda>
    if hasattr(m, "__path__")
       ~~~~~~~^^^^^^^^^^^^^^^
  File "/home/abrar/AI Savvyness/venv/lib/python3.14/site-packages/transformers/__init__.py", line 843, in _getattr
    return getattr(importlib.import_module(target, __name__), new_name)
                   ~~~~~~~~~~~~~~~~~~~~~~~^^^^^^^^^^^^^^^^^^
  File "/usr/lib/python3.14/importlib/__init__.py", line 88, in import_module
    return _bootstrap._gcd_import(name[level:], package, level)
           ~~~~~~~~~~~~~~~~~~~~~~^^^^^^^^^^^^^^^^^^^^^^^^^^^^^^
  File "<frozen importlib._bootstrap>", line 1406, in _gcd_import
  File "<frozen importlib._bootstrap>", line 1371, in _find_and_load
  File "<frozen importlib._bootstrap>", line 1342, in _find_and_load_unlocked
  File "<frozen importlib._bootstrap>", line 938, in _load_unlocked
  File "<frozen importlib._bootstrap_external>", line 759, in exec_module
  File "<frozen importlib._bootstrap>", line 491, in _call_with_frames_removed
  File "/home/abrar/AI Savvyness/venv/lib/python3.14/site-packages/transformers/models/pix2struct/image_processing_pix2struct.py", line 21, in <module>
    import torchvision.transforms.v2.functional as tvF
ModuleNotFoundError: No module named 'torchvision'
[transformers] Accessing `__path__` from `.models.pixtral.image_processing_pil_pixtral`. Returning `__path__` instead. Behavior may be different and this alias will be removed in future versions.
[transformers] Accessing `__path__` from `.models.pixtral.image_processing_pixtral`. Returning `__path__` instead. Behavior may be different and this alias will be removed in future versions.
2026-05-24 16:16:53.141 Examining the path of transformers.models.pixtral.image_processing_pixtral_fast raised:
Traceback (most recent call last):
  File "/home/abrar/AI Savvyness/venv/lib/python3.14/site-packages/streamlit/watcher/local_sources_watcher.py", line 298, in get_module_paths
    potential_paths = extract_paths(module)
  File "/home/abrar/AI Savvyness/venv/lib/python3.14/site-packages/streamlit/watcher/local_sources_watcher.py", line 285, in <lambda>
    if hasattr(m, "__path__")
       ~~~~~~~^^^^^^^^^^^^^^^
  File "/home/abrar/AI Savvyness/venv/lib/python3.14/site-packages/transformers/__init__.py", line 843, in _getattr
    return getattr(importlib.import_module(target, __name__), new_name)
                   ~~~~~~~~~~~~~~~~~~~~~~~^^^^^^^^^^^^^^^^^^
  File "/usr/lib/python3.14/importlib/__init__.py", line 88, in import_module
    return _bootstrap._gcd_import(name[level:], package, level)
           ~~~~~~~~~~~~~~~~~~~~~~^^^^^^^^^^^^^^^^^^^^^^^^^^^^^^
  File "<frozen importlib._bootstrap>", line 1406, in _gcd_import
  File "<frozen importlib._bootstrap>", line 1371, in _find_and_load
  File "<frozen importlib._bootstrap>", line 1342, in _find_and_load_unlocked
  File "<frozen importlib._bootstrap>", line 938, in _load_unlocked
  File "<frozen importlib._bootstrap_external>", line 759, in exec_module
  File "<frozen importlib._bootstrap>", line 491, in _call_with_frames_removed
  File "/home/abrar/AI Savvyness/venv/lib/python3.14/site-packages/transformers/models/pixtral/image_processing_pixtral.py", line 19, in <module>
    from torchvision.transforms.v2 import functional as tvF
ModuleNotFoundError: No module named 'torchvision'
[transformers] Accessing `__path__` from `.models.poolformer.image_processing_pil_poolformer`. Returning `__path__` instead. Behavior may be different and this alias will be removed in future versions.
[transformers] Accessing `__path__` from `.models.poolformer.image_processing_poolformer`. Returning `__path__` instead. Behavior may be different and this alias will be removed in future versions.
2026-05-24 16:16:53.142 Examining the path of transformers.models.poolformer.image_processing_poolformer_fast raised:
Traceback (most recent call last):
  File "/home/abrar/AI Savvyness/venv/lib/python3.14/site-packages/streamlit/watcher/local_sources_watcher.py", line 298, in get_module_paths
    potential_paths = extract_paths(module)
  File "/home/abrar/AI Savvyness/venv/lib/python3.14/site-packages/streamlit/watcher/local_sources_watcher.py", line 285, in <lambda>
    if hasattr(m, "__path__")
       ~~~~~~~^^^^^^^^^^^^^^^
  File "/home/abrar/AI Savvyness/venv/lib/python3.14/site-packages/transformers/__init__.py", line 843, in _getattr
    return getattr(importlib.import_module(target, __name__), new_name)
                   ~~~~~~~~~~~~~~~~~~~~~~~^^^^^^^^^^^^^^^^^^
  File "/usr/lib/python3.14/importlib/__init__.py", line 88, in import_module
    return _bootstrap._gcd_import(name[level:], package, level)
           ~~~~~~~~~~~~~~~~~~~~~~^^^^^^^^^^^^^^^^^^^^^^^^^^^^^^
  File "<frozen importlib._bootstrap>", line 1406, in _gcd_import
  File "<frozen importlib._bootstrap>", line 1371, in _find_and_load
  File "<frozen importlib._bootstrap>", line 1342, in _find_and_load_unlocked
  File "<frozen importlib._bootstrap>", line 938, in _load_unlocked
  File "<frozen importlib._bootstrap_external>", line 759, in exec_module
  File "<frozen importlib._bootstrap>", line 491, in _call_with_frames_removed
  File "/home/abrar/AI Savvyness/venv/lib/python3.14/site-packages/transformers/models/poolformer/image_processing_poolformer.py", line 17, in <module>
    from torchvision.transforms.v2 import functional as tvF
ModuleNotFoundError: No module named 'torchvision'
[transformers] Accessing `__path__` from `.models.pp_chart2table.image_processing_pil_pp_chart2table`. Returning `__path__` instead. Behavior may be different and this alias will be removed in future versions.
[transformers] Accessing `__path__` from `.models.pp_chart2table.image_processing_pp_chart2table`. Returning `__path__` instead. Behavior may be different and this alias will be removed in future versions.
[transformers] Accessing `__path__` from `.models.pp_doclayout_v2.image_processing_pp_doclayout_v2`. Returning `__path__` instead. Behavior may be different and this alias will be removed in future versions.
2026-05-24 16:16:53.144 Examining the path of transformers.models.pp_doclayout_v2.image_processing_pp_doclayout_v2_fast raised:
Traceback (most recent call last):
  File "/home/abrar/AI Savvyness/venv/lib/python3.14/site-packages/streamlit/watcher/local_sources_watcher.py", line 298, in get_module_paths
    potential_paths = extract_paths(module)
  File "/home/abrar/AI Savvyness/venv/lib/python3.14/site-packages/streamlit/watcher/local_sources_watcher.py", line 285, in <lambda>
    if hasattr(m, "__path__")
       ~~~~~~~^^^^^^^^^^^^^^^
  File "/home/abrar/AI Savvyness/venv/lib/python3.14/site-packages/transformers/__init__.py", line 843, in _getattr
    return getattr(importlib.import_module(target, __name__), new_name)
                   ~~~~~~~~~~~~~~~~~~~~~~~^^^^^^^^^^^^^^^^^^
  File "/usr/lib/python3.14/importlib/__init__.py", line 88, in import_module
    return _bootstrap._gcd_import(name[level:], package, level)
           ~~~~~~~~~~~~~~~~~~~~~~^^^^^^^^^^^^^^^^^^^^^^^^^^^^^^
  File "<frozen importlib._bootstrap>", line 1406, in _gcd_import
  File "<frozen importlib._bootstrap>", line 1371, in _find_and_load
  File "<frozen importlib._bootstrap>", line 1342, in _find_and_load_unlocked
  File "<frozen importlib._bootstrap>", line 938, in _load_unlocked
  File "<frozen importlib._bootstrap_external>", line 759, in exec_module
  File "<frozen importlib._bootstrap>", line 491, in _call_with_frames_removed
  File "/home/abrar/AI Savvyness/venv/lib/python3.14/site-packages/transformers/models/pp_doclayout_v2/image_processing_pp_doclayout_v2.py", line 23, in <module>
    from torchvision.transforms.v2 import functional as tvF
ModuleNotFoundError: No module named 'torchvision'
[transformers] Accessing `__path__` from `.models.pp_doclayout_v3.image_processing_pp_doclayout_v3`. Returning `__path__` instead. Behavior may be different and this alias will be removed in future versions.
2026-05-24 16:16:53.145 Examining the path of transformers.models.pp_doclayout_v3.image_processing_pp_doclayout_v3_fast raised:
Traceback (most recent call last):
  File "/home/abrar/AI Savvyness/venv/lib/python3.14/site-packages/streamlit/watcher/local_sources_watcher.py", line 298, in get_module_paths
    potential_paths = extract_paths(module)
  File "/home/abrar/AI Savvyness/venv/lib/python3.14/site-packages/streamlit/watcher/local_sources_watcher.py", line 285, in <lambda>
    if hasattr(m, "__path__")
       ~~~~~~~^^^^^^^^^^^^^^^
  File "/home/abrar/AI Savvyness/venv/lib/python3.14/site-packages/transformers/__init__.py", line 843, in _getattr
    return getattr(importlib.import_module(target, __name__), new_name)
                   ~~~~~~~~~~~~~~~~~~~~~~~^^^^^^^^^^^^^^^^^^
  File "/usr/lib/python3.14/importlib/__init__.py", line 88, in import_module
    return _bootstrap._gcd_import(name[level:], package, level)
           ~~~~~~~~~~~~~~~~~~~~~~^^^^^^^^^^^^^^^^^^^^^^^^^^^^^^
  File "<frozen importlib._bootstrap>", line 1406, in _gcd_import
  File "<frozen importlib._bootstrap>", line 1371, in _find_and_load
  File "<frozen importlib._bootstrap>", line 1342, in _find_and_load_unlocked
  File "<frozen importlib._bootstrap>", line 938, in _load_unlocked
  File "<frozen importlib._bootstrap_external>", line 759, in exec_module
  File "<frozen importlib._bootstrap>", line 491, in _call_with_frames_removed
  File "/home/abrar/AI Savvyness/venv/lib/python3.14/site-packages/transformers/models/pp_doclayout_v3/image_processing_pp_doclayout_v3.py", line 24, in <module>
    from torchvision.transforms.v2 import functional as tvF
ModuleNotFoundError: No module named 'torchvision'
[transformers] Accessing `__path__` from `.models.pp_formulanet.image_processing_pp_formulanet`. Returning `__path__` instead. Behavior may be different and this alias will be removed in future versions.
2026-05-24 16:16:53.146 Examining the path of transformers.models.pp_formulanet.image_processing_pp_formulanet_fast raised:
Traceback (most recent call last):
  File "/home/abrar/AI Savvyness/venv/lib/python3.14/site-packages/streamlit/watcher/local_sources_watcher.py", line 298, in get_module_paths
    potential_paths = extract_paths(module)
  File "/home/abrar/AI Savvyness/venv/lib/python3.14/site-packages/streamlit/watcher/local_sources_watcher.py", line 285, in <lambda>
    if hasattr(m, "__path__")
       ~~~~~~~^^^^^^^^^^^^^^^
  File "/home/abrar/AI Savvyness/venv/lib/python3.14/site-packages/transformers/__init__.py", line 843, in _getattr
    return getattr(importlib.import_module(target, __name__), new_name)
                   ~~~~~~~~~~~~~~~~~~~~~~~^^^^^^^^^^^^^^^^^^
  File "/usr/lib/python3.14/importlib/__init__.py", line 88, in import_module
    return _bootstrap._gcd_import(name[level:], package, level)
           ~~~~~~~~~~~~~~~~~~~~~~^^^^^^^^^^^^^^^^^^^^^^^^^^^^^^
  File "<frozen importlib._bootstrap>", line 1406, in _gcd_import
  File "<frozen importlib._bootstrap>", line 1371, in _find_and_load
  File "<frozen importlib._bootstrap>", line 1342, in _find_and_load_unlocked
  File "<frozen importlib._bootstrap>", line 938, in _load_unlocked
  File "<frozen importlib._bootstrap_external>", line 759, in exec_module
  File "<frozen importlib._bootstrap>", line 491, in _call_with_frames_removed
  File "/home/abrar/AI Savvyness/venv/lib/python3.14/site-packages/transformers/models/pp_formulanet/image_processing_pp_formulanet.py", line 23, in <module>
    from torchvision.transforms.v2 import functional as tvF
ModuleNotFoundError: No module named 'torchvision'
[transformers] Accessing `__path__` from `.models.pp_lcnet.image_processing_pp_lcnet`. Returning `__path__` instead. Behavior may be different and this alias will be removed in future versions.
2026-05-24 16:16:53.146 Examining the path of transformers.models.pp_lcnet.image_processing_pp_lcnet_fast raised:
Traceback (most recent call last):
  File "/home/abrar/AI Savvyness/venv/lib/python3.14/site-packages/streamlit/watcher/local_sources_watcher.py", line 298, in get_module_paths
    potential_paths = extract_paths(module)
  File "/home/abrar/AI Savvyness/venv/lib/python3.14/site-packages/streamlit/watcher/local_sources_watcher.py", line 285, in <lambda>
    if hasattr(m, "__path__")
       ~~~~~~~^^^^^^^^^^^^^^^
  File "/home/abrar/AI Savvyness/venv/lib/python3.14/site-packages/transformers/__init__.py", line 843, in _getattr
    return getattr(importlib.import_module(target, __name__), new_name)
                   ~~~~~~~~~~~~~~~~~~~~~~~^^^^^^^^^^^^^^^^^^
  File "/usr/lib/python3.14/importlib/__init__.py", line 88, in import_module
    return _bootstrap._gcd_import(name[level:], package, level)
           ~~~~~~~~~~~~~~~~~~~~~~^^^^^^^^^^^^^^^^^^^^^^^^^^^^^^
  File "<frozen importlib._bootstrap>", line 1406, in _gcd_import
  File "<frozen importlib._bootstrap>", line 1371, in _find_and_load
  File "<frozen importlib._bootstrap>", line 1342, in _find_and_load_unlocked
  File "<frozen importlib._bootstrap>", line 938, in _load_unlocked
  File "<frozen importlib._bootstrap_external>", line 759, in exec_module
  File "<frozen importlib._bootstrap>", line 491, in _call_with_frames_removed
  File "/home/abrar/AI Savvyness/venv/lib/python3.14/site-packages/transformers/models/pp_lcnet/image_processing_pp_lcnet.py", line 24, in <module>
    import torchvision.transforms.v2.functional as tvF
ModuleNotFoundError: No module named 'torchvision'
[transformers] Accessing `__path__` from `.models.pp_ocrv5_server_det.image_processing_pp_ocrv5_server_det`. Returning `__path__` instead. Behavior may be different and this alias will be removed in future versions.
2026-05-24 16:16:53.147 Examining the path of transformers.models.pp_ocrv5_server_det.image_processing_pp_ocrv5_server_det_fast raised:
Traceback (most recent call last):
  File "/home/abrar/AI Savvyness/venv/lib/python3.14/site-packages/streamlit/watcher/local_sources_watcher.py", line 298, in get_module_paths
    potential_paths = extract_paths(module)
  File "/home/abrar/AI Savvyness/venv/lib/python3.14/site-packages/streamlit/watcher/local_sources_watcher.py", line 285, in <lambda>
    if hasattr(m, "__path__")
       ~~~~~~~^^^^^^^^^^^^^^^
  File "/home/abrar/AI Savvyness/venv/lib/python3.14/site-packages/transformers/__init__.py", line 843, in _getattr
    return getattr(importlib.import_module(target, __name__), new_name)
                   ~~~~~~~~~~~~~~~~~~~~~~~^^^^^^^^^^^^^^^^^^
  File "/usr/lib/python3.14/importlib/__init__.py", line 88, in import_module
    return _bootstrap._gcd_import(name[level:], package, level)
           ~~~~~~~~~~~~~~~~~~~~~~^^^^^^^^^^^^^^^^^^^^^^^^^^^^^^
  File "<frozen importlib._bootstrap>", line 1406, in _gcd_import
  File "<frozen importlib._bootstrap>", line 1371, in _find_and_load
  File "<frozen importlib._bootstrap>", line 1342, in _find_and_load_unlocked
  File "<frozen importlib._bootstrap>", line 938, in _load_unlocked
  File "<frozen importlib._bootstrap_external>", line 759, in exec_module
  File "<frozen importlib._bootstrap>", line 491, in _call_with_frames_removed
  File "/home/abrar/AI Savvyness/venv/lib/python3.14/site-packages/transformers/models/pp_ocrv5_server_det/image_processing_pp_ocrv5_server_det.py", line 25, in <module>
    import torchvision.transforms.v2.functional as tvF
ModuleNotFoundError: No module named 'torchvision'
[transformers] Accessing `__path__` from `.models.pp_ocrv5_server_rec.image_processing_pp_ocrv5_server_rec`. Returning `__path__` instead. Behavior may be different and this alias will be removed in future versions.
2026-05-24 16:16:53.148 Examining the path of transformers.models.pp_ocrv5_server_rec.image_processing_pp_ocrv5_server_rec_fast raised:
Traceback (most recent call last):
  File "/home/abrar/AI Savvyness/venv/lib/python3.14/site-packages/streamlit/watcher/local_sources_watcher.py", line 298, in get_module_paths
    potential_paths = extract_paths(module)
  File "/home/abrar/AI Savvyness/venv/lib/python3.14/site-packages/streamlit/watcher/local_sources_watcher.py", line 285, in <lambda>
    if hasattr(m, "__path__")
       ~~~~~~~^^^^^^^^^^^^^^^
  File "/home/abrar/AI Savvyness/venv/lib/python3.14/site-packages/transformers/__init__.py", line 843, in _getattr
    return getattr(importlib.import_module(target, __name__), new_name)
                   ~~~~~~~~~~~~~~~~~~~~~~~^^^^^^^^^^^^^^^^^^
  File "/usr/lib/python3.14/importlib/__init__.py", line 88, in import_module
    return _bootstrap._gcd_import(name[level:], package, level)
           ~~~~~~~~~~~~~~~~~~~~~~^^^^^^^^^^^^^^^^^^^^^^^^^^^^^^
  File "<frozen importlib._bootstrap>", line 1406, in _gcd_import
  File "<frozen importlib._bootstrap>", line 1371, in _find_and_load
  File "<frozen importlib._bootstrap>", line 1342, in _find_and_load_unlocked
  File "<frozen importlib._bootstrap>", line 938, in _load_unlocked
  File "<frozen importlib._bootstrap_external>", line 759, in exec_module
  File "<frozen importlib._bootstrap>", line 491, in _call_with_frames_removed
  File "/home/abrar/AI Savvyness/venv/lib/python3.14/site-packages/transformers/models/pp_ocrv5_server_rec/image_processing_pp_ocrv5_server_rec.py", line 24, in <module>
    import torchvision.transforms.v2.functional as tvF
ModuleNotFoundError: No module named 'torchvision'
[transformers] Accessing `__path__` from `.models.prompt_depth_anything.image_processing_pil_prompt_depth_anything`. Returning `__path__` instead. Behavior may be different and this alias will be removed in future versions.
[transformers] Accessing `__path__` from `.models.prompt_depth_anything.image_processing_prompt_depth_anything`. Returning `__path__` instead. Behavior may be different and this alias will be removed in future versions.
2026-05-24 16:16:53.150 Examining the path of transformers.models.prompt_depth_anything.image_processing_prompt_depth_anything_fast raised:
Traceback (most recent call last):
  File "/home/abrar/AI Savvyness/venv/lib/python3.14/site-packages/streamlit/watcher/local_sources_watcher.py", line 298, in get_module_paths
    potential_paths = extract_paths(module)
  File "/home/abrar/AI Savvyness/venv/lib/python3.14/site-packages/streamlit/watcher/local_sources_watcher.py", line 285, in <lambda>
    if hasattr(m, "__path__")
       ~~~~~~~^^^^^^^^^^^^^^^
  File "/home/abrar/AI Savvyness/venv/lib/python3.14/site-packages/transformers/__init__.py", line 843, in _getattr
    return getattr(importlib.import_module(target, __name__), new_name)
                   ~~~~~~~~~~~~~~~~~~~~~~~^^^^^^^^^^^^^^^^^^
  File "/usr/lib/python3.14/importlib/__init__.py", line 88, in import_module
    return _bootstrap._gcd_import(name[level:], package, level)
           ~~~~~~~~~~~~~~~~~~~~~~^^^^^^^^^^^^^^^^^^^^^^^^^^^^^^
  File "<frozen importlib._bootstrap>", line 1406, in _gcd_import
  File "<frozen importlib._bootstrap>", line 1371, in _find_and_load
  File "<frozen importlib._bootstrap>", line 1342, in _find_and_load_unlocked
  File "<frozen importlib._bootstrap>", line 938, in _load_unlocked
  File "<frozen importlib._bootstrap_external>", line 759, in exec_module
  File "<frozen importlib._bootstrap>", line 491, in _call_with_frames_removed
  File "/home/abrar/AI Savvyness/venv/lib/python3.14/site-packages/transformers/models/prompt_depth_anything/image_processing_prompt_depth_anything.py", line 42, in <module>
    from torchvision.transforms.v2 import functional as tvF
ModuleNotFoundError: No module named 'torchvision'
[transformers] Accessing `__path__` from `.models.pvt.image_processing_pil_pvt`. Returning `__path__` instead. Behavior may be different and this alias will be removed in future versions.
[transformers] Accessing `__path__` from `.models.pvt.image_processing_pvt`. Returning `__path__` instead. Behavior may be different and this alias will be removed in future versions.
[transformers] Accessing `__path__` from `.models.qwen2_vl.image_processing_pil_qwen2_vl`. Returning `__path__` instead. Behavior may be different and this alias will be removed in future versions.
[transformers] Accessing `__path__` from `.models.qwen2_vl.image_processing_qwen2_vl`. Returning `__path__` instead. Behavior may be different and this alias will be removed in future versions.
2026-05-24 16:16:53.154 Examining the path of transformers.models.qwen2_vl.image_processing_qwen2_vl_fast raised:
Traceback (most recent call last):
  File "/home/abrar/AI Savvyness/venv/lib/python3.14/site-packages/streamlit/watcher/local_sources_watcher.py", line 298, in get_module_paths
    potential_paths = extract_paths(module)
  File "/home/abrar/AI Savvyness/venv/lib/python3.14/site-packages/streamlit/watcher/local_sources_watcher.py", line 285, in <lambda>
    if hasattr(m, "__path__")
       ~~~~~~~^^^^^^^^^^^^^^^
  File "/home/abrar/AI Savvyness/venv/lib/python3.14/site-packages/transformers/__init__.py", line 843, in _getattr
    return getattr(importlib.import_module(target, __name__), new_name)
                   ~~~~~~~~~~~~~~~~~~~~~~~^^^^^^^^^^^^^^^^^^
  File "/usr/lib/python3.14/importlib/__init__.py", line 88, in import_module
    return _bootstrap._gcd_import(name[level:], package, level)
           ~~~~~~~~~~~~~~~~~~~~~~^^^^^^^^^^^^^^^^^^^^^^^^^^^^^^
  File "<frozen importlib._bootstrap>", line 1406, in _gcd_import
  File "<frozen importlib._bootstrap>", line 1371, in _find_and_load
  File "<frozen importlib._bootstrap>", line 1342, in _find_and_load_unlocked
  File "<frozen importlib._bootstrap>", line 938, in _load_unlocked
  File "<frozen importlib._bootstrap_external>", line 759, in exec_module
  File "<frozen importlib._bootstrap>", line 491, in _call_with_frames_removed
  File "/home/abrar/AI Savvyness/venv/lib/python3.14/site-packages/transformers/models/qwen2_vl/image_processing_qwen2_vl.py", line 25, in <module>
    from torchvision.transforms.v2 import functional as tvF
ModuleNotFoundError: No module named 'torchvision'
[transformers] Accessing `__path__` from `.models.rf_detr.image_processing_rf_detr`. Returning `__path__` instead. Behavior may be different and this alias will be removed in future versions.
2026-05-24 16:16:53.156 Examining the path of transformers.models.rf_detr.image_processing_rf_detr_fast raised:
Traceback (most recent call last):
  File "/home/abrar/AI Savvyness/venv/lib/python3.14/site-packages/streamlit/watcher/local_sources_watcher.py", line 298, in get_module_paths
    potential_paths = extract_paths(module)
  File "/home/abrar/AI Savvyness/venv/lib/python3.14/site-packages/streamlit/watcher/local_sources_watcher.py", line 285, in <lambda>
    if hasattr(m, "__path__")
       ~~~~~~~^^^^^^^^^^^^^^^
  File "/home/abrar/AI Savvyness/venv/lib/python3.14/site-packages/transformers/__init__.py", line 843, in _getattr
    return getattr(importlib.import_module(target, __name__), new_name)
                   ~~~~~~~~~~~~~~~~~~~~~~~^^^^^^^^^^^^^^^^^^
  File "/usr/lib/python3.14/importlib/__init__.py", line 88, in import_module
    return _bootstrap._gcd_import(name[level:], package, level)
           ~~~~~~~~~~~~~~~~~~~~~~^^^^^^^^^^^^^^^^^^^^^^^^^^^^^^
  File "<frozen importlib._bootstrap>", line 1406, in _gcd_import
  File "<frozen importlib._bootstrap>", line 1371, in _find_and_load
  File "<frozen importlib._bootstrap>", line 1342, in _find_and_load_unlocked
  File "<frozen importlib._bootstrap>", line 938, in _load_unlocked
  File "<frozen importlib._bootstrap_external>", line 759, in exec_module
  File "<frozen importlib._bootstrap>", line 491, in _call_with_frames_removed
  File "/home/abrar/AI Savvyness/venv/lib/python3.14/site-packages/transformers/models/rf_detr/image_processing_rf_detr.py", line 26, in <module>
    from torchvision.transforms.v2 import functional as tvF
ModuleNotFoundError: No module named 'torchvision'
[transformers] Accessing `__path__` from `.models.rt_detr.image_processing_pil_rt_detr`. Returning `__path__` instead. Behavior may be different and this alias will be removed in future versions.
[transformers] Accessing `__path__` from `.models.rt_detr.image_processing_rt_detr`. Returning `__path__` instead. Behavior may be different and this alias will be removed in future versions.
2026-05-24 16:16:53.159 Examining the path of transformers.models.rt_detr.image_processing_rt_detr_fast raised:
Traceback (most recent call last):
  File "/home/abrar/AI Savvyness/venv/lib/python3.14/site-packages/streamlit/watcher/local_sources_watcher.py", line 298, in get_module_paths
    potential_paths = extract_paths(module)
  File "/home/abrar/AI Savvyness/venv/lib/python3.14/site-packages/streamlit/watcher/local_sources_watcher.py", line 285, in <lambda>
    if hasattr(m, "__path__")
       ~~~~~~~^^^^^^^^^^^^^^^
  File "/home/abrar/AI Savvyness/venv/lib/python3.14/site-packages/transformers/__init__.py", line 843, in _getattr
    return getattr(importlib.import_module(target, __name__), new_name)
                   ~~~~~~~~~~~~~~~~~~~~~~~^^^^^^^^^^^^^^^^^^
  File "/usr/lib/python3.14/importlib/__init__.py", line 88, in import_module
    return _bootstrap._gcd_import(name[level:], package, level)
           ~~~~~~~~~~~~~~~~~~~~~~^^^^^^^^^^^^^^^^^^^^^^^^^^^^^^
  File "<frozen importlib._bootstrap>", line 1406, in _gcd_import
  File "<frozen importlib._bootstrap>", line 1371, in _find_and_load
  File "<frozen importlib._bootstrap>", line 1342, in _find_and_load_unlocked
  File "<frozen importlib._bootstrap>", line 938, in _load_unlocked
  File "<frozen importlib._bootstrap_external>", line 759, in exec_module
  File "<frozen importlib._bootstrap>", line 491, in _call_with_frames_removed
  File "/home/abrar/AI Savvyness/venv/lib/python3.14/site-packages/transformers/models/rt_detr/image_processing_rt_detr.py", line 24, in <module>
    from torchvision.transforms.v2 import functional as tvF
ModuleNotFoundError: No module named 'torchvision'
[transformers] Accessing `__path__` from `.models.sam.image_processing_pil_sam`. Returning `__path__` instead. Behavior may be different and this alias will be removed in future versions.
[transformers] Accessing `__path__` from `.models.sam.image_processing_sam`. Returning `__path__` instead. Behavior may be different and this alias will be removed in future versions.
2026-05-24 16:16:53.163 Examining the path of transformers.models.sam.image_processing_sam_fast raised:
Traceback (most recent call last):
  File "/home/abrar/AI Savvyness/venv/lib/python3.14/site-packages/streamlit/watcher/local_sources_watcher.py", line 298, in get_module_paths
    potential_paths = extract_paths(module)
  File "/home/abrar/AI Savvyness/venv/lib/python3.14/site-packages/streamlit/watcher/local_sources_watcher.py", line 285, in <lambda>
    if hasattr(m, "__path__")
       ~~~~~~~^^^^^^^^^^^^^^^
  File "/home/abrar/AI Savvyness/venv/lib/python3.14/site-packages/transformers/__init__.py", line 843, in _getattr
    return getattr(importlib.import_module(target, __name__), new_name)
                   ~~~~~~~~~~~~~~~~~~~~~~~^^^^^^^^^^^^^^^^^^
  File "/usr/lib/python3.14/importlib/__init__.py", line 88, in import_module
    return _bootstrap._gcd_import(name[level:], package, level)
           ~~~~~~~~~~~~~~~~~~~~~~^^^^^^^^^^^^^^^^^^^^^^^^^^^^^^
  File "<frozen importlib._bootstrap>", line 1406, in _gcd_import
  File "<frozen importlib._bootstrap>", line 1371, in _find_and_load
  File "<frozen importlib._bootstrap>", line 1342, in _find_and_load_unlocked
  File "<frozen importlib._bootstrap>", line 938, in _load_unlocked
  File "<frozen importlib._bootstrap_external>", line 759, in exec_module
  File "<frozen importlib._bootstrap>", line 491, in _call_with_frames_removed
  File "/home/abrar/AI Savvyness/venv/lib/python3.14/site-packages/transformers/models/sam/image_processing_sam.py", line 25, in <module>
    from torchvision.ops.boxes import batched_nms
ModuleNotFoundError: No module named 'torchvision'
[transformers] Accessing `__path__` from `.models.sam2.image_processing_sam2`. Returning `__path__` instead. Behavior may be different and this alias will be removed in future versions.
2026-05-24 16:16:53.164 Examining the path of transformers.models.sam2.image_processing_sam2_fast raised:
Traceback (most recent call last):
  File "/home/abrar/AI Savvyness/venv/lib/python3.14/site-packages/streamlit/watcher/local_sources_watcher.py", line 298, in get_module_paths
    potential_paths = extract_paths(module)
  File "/home/abrar/AI Savvyness/venv/lib/python3.14/site-packages/streamlit/watcher/local_sources_watcher.py", line 285, in <lambda>
    if hasattr(m, "__path__")
       ~~~~~~~^^^^^^^^^^^^^^^
  File "/home/abrar/AI Savvyness/venv/lib/python3.14/site-packages/transformers/__init__.py", line 843, in _getattr
    return getattr(importlib.import_module(target, __name__), new_name)
                   ~~~~~~~~~~~~~~~~~~~~~~~^^^^^^^^^^^^^^^^^^
  File "/usr/lib/python3.14/importlib/__init__.py", line 88, in import_module
    return _bootstrap._gcd_import(name[level:], package, level)
           ~~~~~~~~~~~~~~~~~~~~~~^^^^^^^^^^^^^^^^^^^^^^^^^^^^^^
  File "<frozen importlib._bootstrap>", line 1406, in _gcd_import
  File "<frozen importlib._bootstrap>", line 1371, in _find_and_load
  File "<frozen importlib._bootstrap>", line 1342, in _find_and_load_unlocked
  File "<frozen importlib._bootstrap>", line 938, in _load_unlocked
  File "<frozen importlib._bootstrap_external>", line 759, in exec_module
  File "<frozen importlib._bootstrap>", line 491, in _call_with_frames_removed
  File "/home/abrar/AI Savvyness/venv/lib/python3.14/site-packages/transformers/models/sam2/image_processing_sam2.py", line 28, in <module>
    from torchvision.ops.boxes import batched_nms
ModuleNotFoundError: No module named 'torchvision'
[transformers] Accessing `__path__` from `.models.sam3.image_processing_sam3`. Returning `__path__` instead. Behavior may be different and this alias will be removed in future versions.
2026-05-24 16:16:53.165 Examining the path of transformers.models.sam3.image_processing_sam3_fast raised:
Traceback (most recent call last):
  File "/home/abrar/AI Savvyness/venv/lib/python3.14/site-packages/streamlit/watcher/local_sources_watcher.py", line 298, in get_module_paths
    potential_paths = extract_paths(module)
  File "/home/abrar/AI Savvyness/venv/lib/python3.14/site-packages/streamlit/watcher/local_sources_watcher.py", line 285, in <lambda>
    if hasattr(m, "__path__")
       ~~~~~~~^^^^^^^^^^^^^^^
  File "/home/abrar/AI Savvyness/venv/lib/python3.14/site-packages/transformers/__init__.py", line 843, in _getattr
    return getattr(importlib.import_module(target, __name__), new_name)
                   ~~~~~~~~~~~~~~~~~~~~~~~^^^^^^^^^^^^^^^^^^
  File "/usr/lib/python3.14/importlib/__init__.py", line 88, in import_module
    return _bootstrap._gcd_import(name[level:], package, level)
           ~~~~~~~~~~~~~~~~~~~~~~^^^^^^^^^^^^^^^^^^^^^^^^^^^^^^
  File "<frozen importlib._bootstrap>", line 1406, in _gcd_import
  File "<frozen importlib._bootstrap>", line 1371, in _find_and_load
  File "<frozen importlib._bootstrap>", line 1342, in _find_and_load_unlocked
  File "<frozen importlib._bootstrap>", line 938, in _load_unlocked
  File "<frozen importlib._bootstrap_external>", line 759, in exec_module
  File "<frozen importlib._bootstrap>", line 491, in _call_with_frames_removed
  File "/home/abrar/AI Savvyness/venv/lib/python3.14/site-packages/transformers/models/sam3/image_processing_sam3.py", line 30, in <module>
    from torchvision.ops.boxes import batched_nms
ModuleNotFoundError: No module named 'torchvision'
[transformers] Accessing `__path__` from `.models.segformer.image_processing_pil_segformer`. Returning `__path__` instead. Behavior may be different and this alias will be removed in future versions.
[transformers] Accessing `__path__` from `.models.segformer.image_processing_segformer`. Returning `__path__` instead. Behavior may be different and this alias will be removed in future versions.
2026-05-24 16:16:53.167 Examining the path of transformers.models.segformer.image_processing_segformer_fast raised:
Traceback (most recent call last):
  File "/home/abrar/AI Savvyness/venv/lib/python3.14/site-packages/streamlit/watcher/local_sources_watcher.py", line 298, in get_module_paths
    potential_paths = extract_paths(module)
  File "/home/abrar/AI Savvyness/venv/lib/python3.14/site-packages/streamlit/watcher/local_sources_watcher.py", line 285, in <lambda>
    if hasattr(m, "__path__")
       ~~~~~~~^^^^^^^^^^^^^^^
  File "/home/abrar/AI Savvyness/venv/lib/python3.14/site-packages/transformers/__init__.py", line 843, in _getattr
    return getattr(importlib.import_module(target, __name__), new_name)
                   ~~~~~~~~~~~~~~~~~~~~~~~^^^^^^^^^^^^^^^^^^
  File "/usr/lib/python3.14/importlib/__init__.py", line 88, in import_module
    return _bootstrap._gcd_import(name[level:], package, level)
           ~~~~~~~~~~~~~~~~~~~~~~^^^^^^^^^^^^^^^^^^^^^^^^^^^^^^
  File "<frozen importlib._bootstrap>", line 1406, in _gcd_import
  File "<frozen importlib._bootstrap>", line 1371, in _find_and_load
  File "<frozen importlib._bootstrap>", line 1342, in _find_and_load_unlocked
  File "<frozen importlib._bootstrap>", line 938, in _load_unlocked
  File "<frozen importlib._bootstrap_external>", line 759, in exec_module
  File "<frozen importlib._bootstrap>", line 491, in _call_with_frames_removed
  File "/home/abrar/AI Savvyness/venv/lib/python3.14/site-packages/transformers/models/segformer/image_processing_segformer.py", line 25, in <module>
    import torchvision.transforms.v2.functional as tvF
ModuleNotFoundError: No module named 'torchvision'
[transformers] Accessing `__path__` from `.models.seggpt.image_processing_pil_seggpt`. Returning `__path__` instead. Behavior may be different and this alias will be removed in future versions.
[transformers] Accessing `__path__` from `.models.seggpt.image_processing_seggpt`. Returning `__path__` instead. Behavior may be different and this alias will be removed in future versions.
2026-05-24 16:16:53.169 Examining the path of transformers.models.seggpt.image_processing_seggpt_fast raised:
Traceback (most recent call last):
  File "/home/abrar/AI Savvyness/venv/lib/python3.14/site-packages/streamlit/watcher/local_sources_watcher.py", line 298, in get_module_paths
    potential_paths = extract_paths(module)
  File "/home/abrar/AI Savvyness/venv/lib/python3.14/site-packages/streamlit/watcher/local_sources_watcher.py", line 285, in <lambda>
    if hasattr(m, "__path__")
       ~~~~~~~^^^^^^^^^^^^^^^
  File "/home/abrar/AI Savvyness/venv/lib/python3.14/site-packages/transformers/__init__.py", line 843, in _getattr
    return getattr(importlib.import_module(target, __name__), new_name)
                   ~~~~~~~~~~~~~~~~~~~~~~~^^^^^^^^^^^^^^^^^^
  File "/usr/lib/python3.14/importlib/__init__.py", line 88, in import_module
    return _bootstrap._gcd_import(name[level:], package, level)
           ~~~~~~~~~~~~~~~~~~~~~~^^^^^^^^^^^^^^^^^^^^^^^^^^^^^^
  File "<frozen importlib._bootstrap>", line 1406, in _gcd_import
  File "<frozen importlib._bootstrap>", line 1371, in _find_and_load
  File "<frozen importlib._bootstrap>", line 1342, in _find_and_load_unlocked
  File "<frozen importlib._bootstrap>", line 938, in _load_unlocked
  File "<frozen importlib._bootstrap_external>", line 759, in exec_module
  File "<frozen importlib._bootstrap>", line 491, in _call_with_frames_removed
  File "/home/abrar/AI Savvyness/venv/lib/python3.14/site-packages/transformers/models/seggpt/image_processing_seggpt.py", line 20, in <module>
    from torchvision.transforms.v2 import functional as tvF
ModuleNotFoundError: No module named 'torchvision'
[transformers] Accessing `__path__` from `.models.siglip.image_processing_pil_siglip`. Returning `__path__` instead. Behavior may be different and this alias will be removed in future versions.
[transformers] Accessing `__path__` from `.models.siglip.image_processing_siglip`. Returning `__path__` instead. Behavior may be different and this alias will be removed in future versions.
[transformers] Accessing `__path__` from `.models.siglip2.image_processing_pil_siglip2`. Returning `__path__` instead. Behavior may be different and this alias will be removed in future versions.
[transformers] Accessing `__path__` from `.models.siglip2.image_processing_siglip2`. Returning `__path__` instead. Behavior may be different and this alias will be removed in future versions.
2026-05-24 16:16:53.173 Examining the path of transformers.models.siglip2.image_processing_siglip2_fast raised:
Traceback (most recent call last):
  File "/home/abrar/AI Savvyness/venv/lib/python3.14/site-packages/streamlit/watcher/local_sources_watcher.py", line 298, in get_module_paths
    potential_paths = extract_paths(module)
  File "/home/abrar/AI Savvyness/venv/lib/python3.14/site-packages/streamlit/watcher/local_sources_watcher.py", line 285, in <lambda>
    if hasattr(m, "__path__")
       ~~~~~~~^^^^^^^^^^^^^^^
  File "/home/abrar/AI Savvyness/venv/lib/python3.14/site-packages/transformers/__init__.py", line 843, in _getattr
    return getattr(importlib.import_module(target, __name__), new_name)
                   ~~~~~~~~~~~~~~~~~~~~~~~^^^^^^^^^^^^^^^^^^
  File "/usr/lib/python3.14/importlib/__init__.py", line 88, in import_module
    return _bootstrap._gcd_import(name[level:], package, level)
           ~~~~~~~~~~~~~~~~~~~~~~^^^^^^^^^^^^^^^^^^^^^^^^^^^^^^
  File "<frozen importlib._bootstrap>", line 1406, in _gcd_import
  File "<frozen importlib._bootstrap>", line 1371, in _find_and_load
  File "<frozen importlib._bootstrap>", line 1342, in _find_and_load_unlocked
  File "<frozen importlib._bootstrap>", line 938, in _load_unlocked
  File "<frozen importlib._bootstrap_external>", line 759, in exec_module
  File "<frozen importlib._bootstrap>", line 491, in _call_with_frames_removed
  File "/home/abrar/AI Savvyness/venv/lib/python3.14/site-packages/transformers/models/siglip2/image_processing_siglip2.py", line 17, in <module>
    from torchvision.transforms.v2 import functional as tvF
ModuleNotFoundError: No module named 'torchvision'
[transformers] Accessing `__path__` from `.models.slanext.image_processing_slanext`. Returning `__path__` instead. Behavior may be different and this alias will be removed in future versions.
2026-05-24 16:16:53.173 Examining the path of transformers.models.slanext.image_processing_slanext_fast raised:
Traceback (most recent call last):
  File "/home/abrar/AI Savvyness/venv/lib/python3.14/site-packages/streamlit/watcher/local_sources_watcher.py", line 298, in get_module_paths
    potential_paths = extract_paths(module)
  File "/home/abrar/AI Savvyness/venv/lib/python3.14/site-packages/streamlit/watcher/local_sources_watcher.py", line 285, in <lambda>
    if hasattr(m, "__path__")
       ~~~~~~~^^^^^^^^^^^^^^^
  File "/home/abrar/AI Savvyness/venv/lib/python3.14/site-packages/transformers/__init__.py", line 843, in _getattr
    return getattr(importlib.import_module(target, __name__), new_name)
                   ~~~~~~~~~~~~~~~~~~~~~~~^^^^^^^^^^^^^^^^^^
  File "/usr/lib/python3.14/importlib/__init__.py", line 88, in import_module
    return _bootstrap._gcd_import(name[level:], package, level)
           ~~~~~~~~~~~~~~~~~~~~~~^^^^^^^^^^^^^^^^^^^^^^^^^^^^^^
  File "<frozen importlib._bootstrap>", line 1406, in _gcd_import
  File "<frozen importlib._bootstrap>", line 1371, in _find_and_load
  File "<frozen importlib._bootstrap>", line 1342, in _find_and_load_unlocked
  File "<frozen importlib._bootstrap>", line 938, in _load_unlocked
  File "<frozen importlib._bootstrap_external>", line 759, in exec_module
  File "<frozen importlib._bootstrap>", line 491, in _call_with_frames_removed
  File "/home/abrar/AI Savvyness/venv/lib/python3.14/site-packages/transformers/models/slanext/image_processing_slanext.py", line 23, in <module>
    import torchvision.transforms.v2.functional as tvF
ModuleNotFoundError: No module named 'torchvision'
[transformers] Accessing `__path__` from `.models.smolvlm.image_processing_pil_smolvlm`. Returning `__path__` instead. Behavior may be different and this alias will be removed in future versions.
[transformers] Accessing `__path__` from `.models.smolvlm.image_processing_smolvlm`. Returning `__path__` instead. Behavior may be different and this alias will be removed in future versions.
2026-05-24 16:16:53.176 Examining the path of transformers.models.smolvlm.image_processing_smolvlm_fast raised:
Traceback (most recent call last):
  File "/home/abrar/AI Savvyness/venv/lib/python3.14/site-packages/streamlit/watcher/local_sources_watcher.py", line 298, in get_module_paths
    potential_paths = extract_paths(module)
  File "/home/abrar/AI Savvyness/venv/lib/python3.14/site-packages/streamlit/watcher/local_sources_watcher.py", line 285, in <lambda>
    if hasattr(m, "__path__")
       ~~~~~~~^^^^^^^^^^^^^^^
  File "/home/abrar/AI Savvyness/venv/lib/python3.14/site-packages/transformers/__init__.py", line 843, in _getattr
    return getattr(importlib.import_module(target, __name__), new_name)
                   ~~~~~~~~~~~~~~~~~~~~~~~^^^^^^^^^^^^^^^^^^
  File "/usr/lib/python3.14/importlib/__init__.py", line 88, in import_module
    return _bootstrap._gcd_import(name[level:], package, level)
           ~~~~~~~~~~~~~~~~~~~~~~^^^^^^^^^^^^^^^^^^^^^^^^^^^^^^
  File "<frozen importlib._bootstrap>", line 1406, in _gcd_import
  File "<frozen importlib._bootstrap>", line 1371, in _find_and_load
  File "<frozen importlib._bootstrap>", line 1342, in _find_and_load_unlocked
  File "<frozen importlib._bootstrap>", line 938, in _load_unlocked
  File "<frozen importlib._bootstrap_external>", line 759, in exec_module
  File "<frozen importlib._bootstrap>", line 491, in _call_with_frames_removed
  File "/home/abrar/AI Savvyness/venv/lib/python3.14/site-packages/transformers/models/smolvlm/image_processing_smolvlm.py", line 27, in <module>
    from torchvision.transforms.v2 import functional as tvF
ModuleNotFoundError: No module named 'torchvision'
[transformers] Accessing `__path__` from `.models.superglue.image_processing_pil_superglue`. Returning `__path__` instead. Behavior may be different and this alias will be removed in future versions.
[transformers] Accessing `__path__` from `.models.superglue.image_processing_superglue`. Returning `__path__` instead. Behavior may be different and this alias will be removed in future versions.
2026-05-24 16:16:53.178 Examining the path of transformers.models.superglue.image_processing_superglue_fast raised:
Traceback (most recent call last):
  File "/home/abrar/AI Savvyness/venv/lib/python3.14/site-packages/streamlit/watcher/local_sources_watcher.py", line 298, in get_module_paths
    potential_paths = extract_paths(module)
  File "/home/abrar/AI Savvyness/venv/lib/python3.14/site-packages/streamlit/watcher/local_sources_watcher.py", line 285, in <lambda>
    if hasattr(m, "__path__")
       ~~~~~~~^^^^^^^^^^^^^^^
  File "/home/abrar/AI Savvyness/venv/lib/python3.14/site-packages/transformers/__init__.py", line 843, in _getattr
    return getattr(importlib.import_module(target, __name__), new_name)
                   ~~~~~~~~~~~~~~~~~~~~~~~^^^^^^^^^^^^^^^^^^
  File "/usr/lib/python3.14/importlib/__init__.py", line 88, in import_module
    return _bootstrap._gcd_import(name[level:], package, level)
           ~~~~~~~~~~~~~~~~~~~~~~^^^^^^^^^^^^^^^^^^^^^^^^^^^^^^
  File "<frozen importlib._bootstrap>", line 1406, in _gcd_import
  File "<frozen importlib._bootstrap>", line 1371, in _find_and_load
  File "<frozen importlib._bootstrap>", line 1342, in _find_and_load_unlocked
  File "<frozen importlib._bootstrap>", line 938, in _load_unlocked
  File "<frozen importlib._bootstrap_external>", line 759, in exec_module
  File "<frozen importlib._bootstrap>", line 491, in _call_with_frames_removed
  File "/home/abrar/AI Savvyness/venv/lib/python3.14/site-packages/transformers/models/superglue/image_processing_superglue.py", line 47, in <module>
    from torchvision.transforms.v2 import functional as tvF
ModuleNotFoundError: No module named 'torchvision'
[transformers] Accessing `__path__` from `.models.superpoint.image_processing_pil_superpoint`. Returning `__path__` instead. Behavior may be different and this alias will be removed in future versions.
[transformers] Accessing `__path__` from `.models.superpoint.image_processing_superpoint`. Returning `__path__` instead. Behavior may be different and this alias will be removed in future versions.
2026-05-24 16:16:53.179 Examining the path of transformers.models.superpoint.image_processing_superpoint_fast raised:
Traceback (most recent call last):
  File "/home/abrar/AI Savvyness/venv/lib/python3.14/site-packages/streamlit/watcher/local_sources_watcher.py", line 298, in get_module_paths
    potential_paths = extract_paths(module)
  File "/home/abrar/AI Savvyness/venv/lib/python3.14/site-packages/streamlit/watcher/local_sources_watcher.py", line 285, in <lambda>
    if hasattr(m, "__path__")
       ~~~~~~~^^^^^^^^^^^^^^^
  File "/home/abrar/AI Savvyness/venv/lib/python3.14/site-packages/transformers/__init__.py", line 843, in _getattr
    return getattr(importlib.import_module(target, __name__), new_name)
                   ~~~~~~~~~~~~~~~~~~~~~~~^^^^^^^^^^^^^^^^^^
  File "/usr/lib/python3.14/importlib/__init__.py", line 88, in import_module
    return _bootstrap._gcd_import(name[level:], package, level)
           ~~~~~~~~~~~~~~~~~~~~~~^^^^^^^^^^^^^^^^^^^^^^^^^^^^^^
  File "<frozen importlib._bootstrap>", line 1406, in _gcd_import
  File "<frozen importlib._bootstrap>", line 1371, in _find_and_load
  File "<frozen importlib._bootstrap>", line 1342, in _find_and_load_unlocked
  File "<frozen importlib._bootstrap>", line 938, in _load_unlocked
  File "<frozen importlib._bootstrap_external>", line 759, in exec_module
  File "<frozen importlib._bootstrap>", line 491, in _call_with_frames_removed
  File "/home/abrar/AI Savvyness/venv/lib/python3.14/site-packages/transformers/models/superpoint/image_processing_superpoint.py", line 31, in <module>
    from torchvision.transforms.v2 import functional as tvF
ModuleNotFoundError: No module named 'torchvision'
[transformers] Accessing `__path__` from `.models.swin2sr.image_processing_pil_swin2sr`. Returning `__path__` instead. Behavior may be different and this alias will be removed in future versions.
[transformers] Accessing `__path__` from `.models.swin2sr.image_processing_swin2sr`. Returning `__path__` instead. Behavior may be different and this alias will be removed in future versions.
2026-05-24 16:16:53.181 Examining the path of transformers.models.swin2sr.image_processing_swin2sr_fast raised:
Traceback (most recent call last):
  File "/home/abrar/AI Savvyness/venv/lib/python3.14/site-packages/streamlit/watcher/local_sources_watcher.py", line 298, in get_module_paths
    potential_paths = extract_paths(module)
  File "/home/abrar/AI Savvyness/venv/lib/python3.14/site-packages/streamlit/watcher/local_sources_watcher.py", line 285, in <lambda>
    if hasattr(m, "__path__")
       ~~~~~~~^^^^^^^^^^^^^^^
  File "/home/abrar/AI Savvyness/venv/lib/python3.14/site-packages/transformers/__init__.py", line 843, in _getattr
    return getattr(importlib.import_module(target, __name__), new_name)
                   ~~~~~~~~~~~~~~~~~~~~~~~^^^^^^^^^^^^^^^^^^
  File "/usr/lib/python3.14/importlib/__init__.py", line 88, in import_module
    return _bootstrap._gcd_import(name[level:], package, level)
           ~~~~~~~~~~~~~~~~~~~~~~^^^^^^^^^^^^^^^^^^^^^^^^^^^^^^
  File "<frozen importlib._bootstrap>", line 1406, in _gcd_import
  File "<frozen importlib._bootstrap>", line 1371, in _find_and_load
  File "<frozen importlib._bootstrap>", line 1342, in _find_and_load_unlocked
  File "<frozen importlib._bootstrap>", line 938, in _load_unlocked
  File "<frozen importlib._bootstrap_external>", line 759, in exec_module
  File "<frozen importlib._bootstrap>", line 491, in _call_with_frames_removed
  File "/home/abrar/AI Savvyness/venv/lib/python3.14/site-packages/transformers/models/swin2sr/image_processing_swin2sr.py", line 17, in <module>
    from torchvision.transforms.v2 import functional as tvF
ModuleNotFoundError: No module named 'torchvision'
[transformers] Accessing `__path__` from `.models.textnet.image_processing_pil_textnet`. Returning `__path__` instead. Behavior may be different and this alias will be removed in future versions.
[transformers] Accessing `__path__` from `.models.textnet.image_processing_textnet`. Returning `__path__` instead. Behavior may be different and this alias will be removed in future versions.
2026-05-24 16:16:53.183 Examining the path of transformers.models.textnet.image_processing_textnet_fast raised:
Traceback (most recent call last):
  File "/home/abrar/AI Savvyness/venv/lib/python3.14/site-packages/streamlit/watcher/local_sources_watcher.py", line 298, in get_module_paths
    potential_paths = extract_paths(module)
  File "/home/abrar/AI Savvyness/venv/lib/python3.14/site-packages/streamlit/watcher/local_sources_watcher.py", line 285, in <lambda>
    if hasattr(m, "__path__")
       ~~~~~~~^^^^^^^^^^^^^^^
  File "/home/abrar/AI Savvyness/venv/lib/python3.14/site-packages/transformers/__init__.py", line 843, in _getattr
    return getattr(importlib.import_module(target, __name__), new_name)
                   ~~~~~~~~~~~~~~~~~~~~~~~^^^^^^^^^^^^^^^^^^
  File "/usr/lib/python3.14/importlib/__init__.py", line 88, in import_module
    return _bootstrap._gcd_import(name[level:], package, level)
           ~~~~~~~~~~~~~~~~~~~~~~^^^^^^^^^^^^^^^^^^^^^^^^^^^^^^
  File "<frozen importlib._bootstrap>", line 1406, in _gcd_import
  File "<frozen importlib._bootstrap>", line 1371, in _find_and_load
  File "<frozen importlib._bootstrap>", line 1342, in _find_and_load_unlocked
  File "<frozen importlib._bootstrap>", line 938, in _load_unlocked
  File "<frozen importlib._bootstrap_external>", line 759, in exec_module
  File "<frozen importlib._bootstrap>", line 491, in _call_with_frames_removed
  File "/home/abrar/AI Savvyness/venv/lib/python3.14/site-packages/transformers/models/textnet/image_processing_textnet.py", line 17, in <module>
    from torchvision.transforms.v2 import functional as tvF
ModuleNotFoundError: No module named 'torchvision'
[transformers] Accessing `__path__` from `.models.timm_wrapper.image_processing_timm_wrapper`. Returning `__path__` instead. Behavior may be different and this alias will be removed in future versions.
[transformers] Accessing `__path__` from `.models.tvp.image_processing_pil_tvp`. Returning `__path__` instead. Behavior may be different and this alias will be removed in future versions.
[transformers] Accessing `__path__` from `.models.tvp.image_processing_tvp`. Returning `__path__` instead. Behavior may be different and this alias will be removed in future versions.
2026-05-24 16:16:53.186 Examining the path of transformers.models.tvp.image_processing_tvp_fast raised:
Traceback (most recent call last):
  File "/home/abrar/AI Savvyness/venv/lib/python3.14/site-packages/streamlit/watcher/local_sources_watcher.py", line 298, in get_module_paths
    potential_paths = extract_paths(module)
  File "/home/abrar/AI Savvyness/venv/lib/python3.14/site-packages/streamlit/watcher/local_sources_watcher.py", line 285, in <lambda>
    if hasattr(m, "__path__")
       ~~~~~~~^^^^^^^^^^^^^^^
  File "/home/abrar/AI Savvyness/venv/lib/python3.14/site-packages/transformers/__init__.py", line 843, in _getattr
    return getattr(importlib.import_module(target, __name__), new_name)
                   ~~~~~~~~~~~~~~~~~~~~~~~^^^^^^^^^^^^^^^^^^
  File "/usr/lib/python3.14/importlib/__init__.py", line 88, in import_module
    return _bootstrap._gcd_import(name[level:], package, level)
           ~~~~~~~~~~~~~~~~~~~~~~^^^^^^^^^^^^^^^^^^^^^^^^^^^^^^
  File "<frozen importlib._bootstrap>", line 1406, in _gcd_import
  File "<frozen importlib._bootstrap>", line 1371, in _find_and_load
  File "<frozen importlib._bootstrap>", line 1342, in _find_and_load_unlocked
  File "<frozen importlib._bootstrap>", line 938, in _load_unlocked
  File "<frozen importlib._bootstrap_external>", line 759, in exec_module
  File "<frozen importlib._bootstrap>", line 491, in _call_with_frames_removed
  File "/home/abrar/AI Savvyness/venv/lib/python3.14/site-packages/transformers/models/tvp/image_processing_tvp.py", line 17, in <module>
    from torchvision.transforms.v2 import functional as tvF
ModuleNotFoundError: No module named 'torchvision'
[transformers] Accessing `__path__` from `.models.uvdoc.image_processing_uvdoc`. Returning `__path__` instead. Behavior may be different and this alias will be removed in future versions.
[transformers] Accessing `__path__` from `.models.video_llama_3.image_processing_pil_video_llama_3`. Returning `__path__` instead. Behavior may be different and this alias will be removed in future versions.
[transformers] Accessing `__path__` from `.models.video_llama_3.image_processing_video_llama_3`. Returning `__path__` instead. Behavior may be different and this alias will be removed in future versions.
[transformers] Accessing `__path__` from `.models.video_llava.image_processing_video_llava`. Returning `__path__` instead. Behavior may be different and this alias will be removed in future versions.
[transformers] Accessing `__path__` from `.models.videomae.image_processing_pil_videomae`. Returning `__path__` instead. Behavior may be different and this alias will be removed in future versions.
[transformers] Accessing `__path__` from `.models.videomae.image_processing_videomae`. Returning `__path__` instead. Behavior may be different and this alias will be removed in future versions.
2026-05-24 16:16:53.192 Examining the path of transformers.models.videomae.image_processing_videomae_fast raised:
Traceback (most recent call last):
  File "/home/abrar/AI Savvyness/venv/lib/python3.14/site-packages/streamlit/watcher/local_sources_watcher.py", line 298, in get_module_paths
    potential_paths = extract_paths(module)
  File "/home/abrar/AI Savvyness/venv/lib/python3.14/site-packages/streamlit/watcher/local_sources_watcher.py", line 285, in <lambda>
    if hasattr(m, "__path__")
       ~~~~~~~^^^^^^^^^^^^^^^
  File "/home/abrar/AI Savvyness/venv/lib/python3.14/site-packages/transformers/__init__.py", line 843, in _getattr
    return getattr(importlib.import_module(target, __name__), new_name)
                   ~~~~~~~~~~~~~~~~~~~~~~~^^^^^^^^^^^^^^^^^^
  File "/usr/lib/python3.14/importlib/__init__.py", line 88, in import_module
    return _bootstrap._gcd_import(name[level:], package, level)
           ~~~~~~~~~~~~~~~~~~~~~~^^^^^^^^^^^^^^^^^^^^^^^^^^^^^^
  File "<frozen importlib._bootstrap>", line 1406, in _gcd_import
  File "<frozen importlib._bootstrap>", line 1371, in _find_and_load
  File "<frozen importlib._bootstrap>", line 1342, in _find_and_load_unlocked
  File "<frozen importlib._bootstrap>", line 938, in _load_unlocked
  File "<frozen importlib._bootstrap_external>", line 759, in exec_module
  File "<frozen importlib._bootstrap>", line 491, in _call_with_frames_removed
  File "/home/abrar/AI Savvyness/venv/lib/python3.14/site-packages/transformers/models/videomae/image_processing_videomae.py", line 17, in <module>
    from torchvision.transforms.v2 import functional as tvF
ModuleNotFoundError: No module named 'torchvision'
[transformers] Accessing `__path__` from `.models.vilt.image_processing_pil_vilt`. Returning `__path__` instead. Behavior may be different and this alias will be removed in future versions.
[transformers] Accessing `__path__` from `.models.vilt.image_processing_vilt`. Returning `__path__` instead. Behavior may be different and this alias will be removed in future versions.
2026-05-24 16:16:53.193 Examining the path of transformers.models.vilt.image_processing_vilt_fast raised:
Traceback (most recent call last):
  File "/home/abrar/AI Savvyness/venv/lib/python3.14/site-packages/streamlit/watcher/local_sources_watcher.py", line 298, in get_module_paths
    potential_paths = extract_paths(module)
  File "/home/abrar/AI Savvyness/venv/lib/python3.14/site-packages/streamlit/watcher/local_sources_watcher.py", line 285, in <lambda>
    if hasattr(m, "__path__")
       ~~~~~~~^^^^^^^^^^^^^^^
  File "/home/abrar/AI Savvyness/venv/lib/python3.14/site-packages/transformers/__init__.py", line 843, in _getattr
    return getattr(importlib.import_module(target, __name__), new_name)
                   ~~~~~~~~~~~~~~~~~~~~~~~^^^^^^^^^^^^^^^^^^
  File "/usr/lib/python3.14/importlib/__init__.py", line 88, in import_module
    return _bootstrap._gcd_import(name[level:], package, level)
           ~~~~~~~~~~~~~~~~~~~~~~^^^^^^^^^^^^^^^^^^^^^^^^^^^^^^
  File "<frozen importlib._bootstrap>", line 1406, in _gcd_import
  File "<frozen importlib._bootstrap>", line 1371, in _find_and_load
  File "<frozen importlib._bootstrap>", line 1342, in _find_and_load_unlocked
  File "<frozen importlib._bootstrap>", line 938, in _load_unlocked
  File "<frozen importlib._bootstrap_external>", line 759, in exec_module
  File "<frozen importlib._bootstrap>", line 491, in _call_with_frames_removed
  File "/home/abrar/AI Savvyness/venv/lib/python3.14/site-packages/transformers/models/vilt/image_processing_vilt.py", line 17, in <module>
    from torchvision.transforms.v2 import functional as tvF
ModuleNotFoundError: No module named 'torchvision'
[transformers] Accessing `__path__` from `.models.vit.image_processing_pil_vit`. Returning `__path__` instead. Behavior may be different and this alias will be removed in future versions.
[transformers] Accessing `__path__` from `.models.vit.image_processing_vit`. Returning `__path__` instead. Behavior may be different and this alias will be removed in future versions.
[transformers] Accessing `__path__` from `.models.vitmatte.image_processing_pil_vitmatte`. Returning `__path__` instead. Behavior may be different and this alias will be removed in future versions.
[transformers] Accessing `__path__` from `.models.vitmatte.image_processing_vitmatte`. Returning `__path__` instead. Behavior may be different and this alias will be removed in future versions.
2026-05-24 16:16:53.195 Examining the path of transformers.models.vitmatte.image_processing_vitmatte_fast raised:
Traceback (most recent call last):
  File "/home/abrar/AI Savvyness/venv/lib/python3.14/site-packages/streamlit/watcher/local_sources_watcher.py", line 298, in get_module_paths
    potential_paths = extract_paths(module)
  File "/home/abrar/AI Savvyness/venv/lib/python3.14/site-packages/streamlit/watcher/local_sources_watcher.py", line 285, in <lambda>
    if hasattr(m, "__path__")
       ~~~~~~~^^^^^^^^^^^^^^^
  File "/home/abrar/AI Savvyness/venv/lib/python3.14/site-packages/transformers/__init__.py", line 843, in _getattr
    return getattr(importlib.import_module(target, __name__), new_name)
                   ~~~~~~~~~~~~~~~~~~~~~~~^^^^^^^^^^^^^^^^^^
  File "/usr/lib/python3.14/importlib/__init__.py", line 88, in import_module
    return _bootstrap._gcd_import(name[level:], package, level)
           ~~~~~~~~~~~~~~~~~~~~~~^^^^^^^^^^^^^^^^^^^^^^^^^^^^^^
  File "<frozen importlib._bootstrap>", line 1406, in _gcd_import
  File "<frozen importlib._bootstrap>", line 1371, in _find_and_load
  File "<frozen importlib._bootstrap>", line 1342, in _find_and_load_unlocked
  File "<frozen importlib._bootstrap>", line 938, in _load_unlocked
  File "<frozen importlib._bootstrap_external>", line 759, in exec_module
  File "<frozen importlib._bootstrap>", line 491, in _call_with_frames_removed
  File "/home/abrar/AI Savvyness/venv/lib/python3.14/site-packages/transformers/models/vitmatte/image_processing_vitmatte.py", line 19, in <module>
    from torchvision.transforms.v2 import functional as tvF
ModuleNotFoundError: No module named 'torchvision'
[transformers] Accessing `__path__` from `.models.vitpose.image_processing_pil_vitpose`. Returning `__path__` instead. Behavior may be different and this alias will be removed in future versions.
[transformers] Accessing `__path__` from `.models.vitpose.image_processing_vitpose`. Returning `__path__` instead. Behavior may be different and this alias will be removed in future versions.
2026-05-24 16:16:53.197 Examining the path of transformers.models.vitpose.image_processing_vitpose_fast raised:
Traceback (most recent call last):
  File "/home/abrar/AI Savvyness/venv/lib/python3.14/site-packages/streamlit/watcher/local_sources_watcher.py", line 298, in get_module_paths
    potential_paths = extract_paths(module)
  File "/home/abrar/AI Savvyness/venv/lib/python3.14/site-packages/streamlit/watcher/local_sources_watcher.py", line 285, in <lambda>
    if hasattr(m, "__path__")
       ~~~~~~~^^^^^^^^^^^^^^^
  File "/home/abrar/AI Savvyness/venv/lib/python3.14/site-packages/transformers/__init__.py", line 843, in _getattr
    return getattr(importlib.import_module(target, __name__), new_name)
                   ~~~~~~~~~~~~~~~~~~~~~~~^^^^^^^^^^^^^^^^^^
  File "/usr/lib/python3.14/importlib/__init__.py", line 88, in import_module
    return _bootstrap._gcd_import(name[level:], package, level)
           ~~~~~~~~~~~~~~~~~~~~~~^^^^^^^^^^^^^^^^^^^^^^^^^^^^^^
  File "<frozen importlib._bootstrap>", line 1406, in _gcd_import
  File "<frozen importlib._bootstrap>", line 1371, in _find_and_load
  File "<frozen importlib._bootstrap>", line 1342, in _find_and_load_unlocked
  File "<frozen importlib._bootstrap>", line 938, in _load_unlocked
  File "<frozen importlib._bootstrap_external>", line 759, in exec_module
  File "<frozen importlib._bootstrap>", line 491, in _call_with_frames_removed
  File "/home/abrar/AI Savvyness/venv/lib/python3.14/site-packages/transformers/models/vitpose/image_processing_vitpose.py", line 22, in <module>
    from torchvision.transforms.v2 import functional as tvF
ModuleNotFoundError: No module named 'torchvision'
[transformers] Accessing `__path__` from `.models.vivit.image_processing_vivit`. Returning `__path__` instead. Behavior may be different and this alias will be removed in future versions.
[transformers] Accessing `__path__` from `.models.yolos.image_processing_pil_yolos`. Returning `__path__` instead. Behavior may be different and this alias will be removed in future versions.
[transformers] Accessing `__path__` from `.models.yolos.image_processing_yolos`. Returning `__path__` instead. Behavior may be different and this alias will be removed in future versions.
2026-05-24 16:16:53.200 Examining the path of transformers.models.yolos.image_processing_yolos_fast raised:
Traceback (most recent call last):
  File "/home/abrar/AI Savvyness/venv/lib/python3.14/site-packages/streamlit/watcher/local_sources_watcher.py", line 298, in get_module_paths
    potential_paths = extract_paths(module)
  File "/home/abrar/AI Savvyness/venv/lib/python3.14/site-packages/streamlit/watcher/local_sources_watcher.py", line 285, in <lambda>
    if hasattr(m, "__path__")
       ~~~~~~~^^^^^^^^^^^^^^^
  File "/home/abrar/AI Savvyness/venv/lib/python3.14/site-packages/transformers/__init__.py", line 843, in _getattr
    return getattr(importlib.import_module(target, __name__), new_name)
                   ~~~~~~~~~~~~~~~~~~~~~~~^^^^^^^^^^^^^^^^^^
  File "/usr/lib/python3.14/importlib/__init__.py", line 88, in import_module
    return _bootstrap._gcd_import(name[level:], package, level)
           ~~~~~~~~~~~~~~~~~~~~~~^^^^^^^^^^^^^^^^^^^^^^^^^^^^^^
  File "<frozen importlib._bootstrap>", line 1406, in _gcd_import
  File "<frozen importlib._bootstrap>", line 1371, in _find_and_load
  File "<frozen importlib._bootstrap>", line 1342, in _find_and_load_unlocked
  File "<frozen importlib._bootstrap>", line 938, in _load_unlocked
  File "<frozen importlib._bootstrap_external>", line 759, in exec_module
  File "<frozen importlib._bootstrap>", line 491, in _call_with_frames_removed
  File "/home/abrar/AI Savvyness/venv/lib/python3.14/site-packages/transformers/models/yolos/image_processing_yolos.py", line 12, in <module>
    from torchvision.io import read_image
ModuleNotFoundError: No module named 'torchvision'
[transformers] Accessing `__path__` from `.models.zoedepth.image_processing_pil_zoedepth`. Returning `__path__` instead. Behavior may be different and this alias will be removed in future versions.
[transformers] Accessing `__path__` from `.models.zoedepth.image_processing_zoedepth`. Returning `__path__` instead. Behavior may be different and this alias will be removed in future versions.
2026-05-24 16:16:53.203 Examining the path of transformers.models.zoedepth.image_processing_zoedepth_fast raised:
Traceback (most recent call last):
  File "/home/abrar/AI Savvyness/venv/lib/python3.14/site-packages/streamlit/watcher/local_sources_watcher.py", line 298, in get_module_paths
    potential_paths = extract_paths(module)
  File "/home/abrar/AI Savvyness/venv/lib/python3.14/site-packages/streamlit/watcher/local_sources_watcher.py", line 285, in <lambda>
    if hasattr(m, "__path__")
       ~~~~~~~^^^^^^^^^^^^^^^
  File "/home/abrar/AI Savvyness/venv/lib/python3.14/site-packages/transformers/__init__.py", line 843, in _getattr
    return getattr(importlib.import_module(target, __name__), new_name)
                   ~~~~~~~~~~~~~~~~~~~~~~~^^^^^^^^^^^^^^^^^^
  File "/usr/lib/python3.14/importlib/__init__.py", line 88, in import_module
    return _bootstrap._gcd_import(name[level:], package, level)
           ~~~~~~~~~~~~~~~~~~~~~~^^^^^^^^^^^^^^^^^^^^^^^^^^^^^^
  File "<frozen importlib._bootstrap>", line 1406, in _gcd_import
  File "<frozen importlib._bootstrap>", line 1371, in _find_and_load
  File "<frozen importlib._bootstrap>", line 1342, in _find_and_load_unlocked
  File "<frozen importlib._bootstrap>", line 938, in _load_unlocked
  File "<frozen importlib._bootstrap_external>", line 759, in exec_module
  File "<frozen importlib._bootstrap>", line 491, in _call_with_frames_removed
  File "/home/abrar/AI Savvyness/venv/lib/python3.14/site-packages/transformers/models/zoedepth/image_processing_zoedepth.py", line 43, in <module>
    from torchvision.transforms.v2 import functional as tvF
ModuleNotFoundError: No module named 'torchvision'